\BOOKMARK [-1][-]{part.1}{\376\377\000I\000\040\000L\000a\000g\000r\000a\000n\000g\000e\000-\000\040\000o\000g\000\040\000H\000a\000m\000i\000l\000t\000o\000n\000-\000m\000e\000k\000a\000n\000i\000k}{}% 1
\BOOKMARK [0][-]{chapter.1}{\376\377\000N\000e\000w\000t\000o\000n\000s\000k\000\040\000m\000e\000k\000a\000n\000i\000k\000\040\000o\000g\000\040\000v\000a\000r\000i\000a\000t\000i\000o\000n\000s\000p\000r\000i\000n\000c\000i\000p\000p\000e\000r}{part.1}% 2
\BOOKMARK [1][-]{section.1.1}{\376\377\000H\000v\000o\000r\000f\000o\000r\000\040\000f\000o\000r\000l\000a\000d\000e\000\040\000N\000e\000w\000t\000o\000n\000?}{chapter.1}% 3
\BOOKMARK [1][-]{section.1.2}{\376\377\000F\000r\000i\000h\000e\000d\000s\000g\000r\000a\000d\000e\000r\000\040\000o\000g\000\040\000g\000e\000n\000e\000r\000a\000l\000i\000s\000e\000r\000e\000d\000e\000\040\000k\000o\000o\000r\000d\000i\000n\000a\000t\000e\000r}{chapter.1}% 4
\BOOKMARK [2][-]{subsection.1.2.1}{\376\377\000H\000o\000l\000o\000n\000o\000m\000e\000\040\000o\000g\000\040\000i\000k\000k\000e\000-\000h\000o\000l\000o\000n\000o\000m\000e\000\040\000t\000v\000a\000n\000g\000s\000b\000e\000t\000i\000n\000g\000e\000l\000s\000e\000r}{section.1.2}% 5
\BOOKMARK [1][-]{section.1.3}{\376\377\000V\000i\000r\000t\000u\000e\000l\000\040\000f\000o\000r\000s\000k\000y\000d\000n\000i\000n\000g\000\040\000o\000g\000\040\000v\000i\000r\000t\000u\000e\000l\000t\000\040\000a\000r\000b\000e\000j\000d\000e}{chapter.1}% 6
\BOOKMARK [1][-]{section.1.4}{\376\377\000D\000'\000A\000l\000e\000m\000b\000e\000r\000t\000s\000\040\000p\000r\000i\000n\000c\000i\000p}{chapter.1}% 7
\BOOKMARK [1][-]{section.1.5}{\376\377\000E\000k\000s\000e\000m\000p\000e\000l\000:\000\040\000k\000l\000o\000d\000e\000n\000\040\000p\000\345\000\040\000e\000t\000\040\000g\000l\000a\000t\000\040\000s\000k\000r\000\345\000p\000l\000a\000n}{chapter.1}% 8
\BOOKMARK [1][-]{section.1.6}{\376\377\000F\000r\000a\000\040\000D\000'\000A\000l\000e\000m\000b\000e\000r\000t\000\040\000t\000i\000l\000\040\000e\000t\000\040\000v\000a\000r\000i\000a\000t\000i\000o\000n\000s\000p\000r\000i\000n\000c\000i\000p}{chapter.1}% 9
\BOOKMARK [1][-]{section.1.7}{\376\377\000O\000p\000s\000u\000m\000m\000e\000r\000i\000n\000g}{chapter.1}% 10
\BOOKMARK [0][-]{chapter.2}{\376\377\000L\000a\000g\000r\000a\000n\000g\000e\000-\000f\000o\000r\000m\000a\000l\000i\000s\000m\000e}{part.1}% 11
\BOOKMARK [1][-]{section.2.1}{\376\377\000M\000\345\000l\000e\000t\000:\000\040\000f\000r\000a\000\040\000D\000'\000A\000l\000e\000m\000b\000e\000r\000t\000\040\000t\000i\000l\000\040\000\351\000n\000\040\000s\000k\000a\000l\000a\000r\000f\000u\000n\000k\000t\000i\000o\000n}{chapter.2}% 12
\BOOKMARK [1][-]{section.2.2}{\376\377\000E\000u\000l\000e\000r\000-\000L\000a\000g\000r\000a\000n\000g\000e\000-\000l\000i\000g\000n\000i\000n\000g\000e\000r\000n\000e\000\040\000f\000r\000a\000\040\000D\000'\000A\000l\000e\000m\000b\000e\000r\000t}{chapter.2}% 13
\BOOKMARK [2][-]{subsection.2.2.1}{\376\377\000O\000m\000s\000k\000r\000i\000v\000n\000i\000n\000g\000\040\000a\000f\000\040\000d\000e\000\040\000v\000i\000r\000t\000u\000e\000l\000l\000e\000\040\000f\000o\000r\000s\000k\000y\000d\000n\000i\000n\000g\000e\000r}{section.2.2}% 14
\BOOKMARK [2][-]{subsection.2.2.2}{\376\377\000D\000e\000t\000\040\000a\000n\000v\000e\000n\000d\000t\000e\000\040\000k\000r\000a\000f\000t\000l\000e\000d\000:\000\040\000g\000e\000n\000e\000r\000a\000l\000i\000s\000e\000r\000e\000d\000e\000\040\000k\000r\000\346\000f\000t\000e\000r}{section.2.2}% 15
\BOOKMARK [2][-]{subsection.2.2.3}{\376\377\000I\000n\000e\000r\000t\000i\000l\000e\000d\000d\000e\000t}{section.2.2}% 16
\BOOKMARK [2][-]{subsection.2.2.4}{\376\377\000E\000u\000l\000e\000r\000-\000L\000a\000g\000r\000a\000n\000g\000e\000-\000l\000i\000g\000n\000i\000n\000g\000e\000r\000n\000e}{section.2.2}% 17
\BOOKMARK [1][-]{section.2.3}{\376\377\000E\000k\000s\000e\000m\000p\000e\000l\000:\000\040\000p\000e\000r\000l\000e\000n\000\040\000p\000\345\000\040\000e\000n\000\040\000r\000o\000t\000e\000r\000e\000n\000d\000e\000\040\000r\000i\000n\000g}{chapter.2}% 18
\BOOKMARK [1][-]{section.2.4}{\376\377\000H\000a\000m\000i\000l\000t\000o\000n\000s\000\040\000p\000r\000i\000n\000c\000i\000p\000:\000\040\000e\000t\000\040\000v\000a\000r\000i\000a\000t\000i\000o\000n\000s\000s\000y\000n}{chapter.2}% 19
\BOOKMARK [2][-]{subsection.2.4.1}{\376\377\000V\000i\000r\000k\000n\000i\000n\000g\000e\000n\000\040\000s\000o\000m\000\040\000f\000u\000n\000k\000t\000i\000o\000n\000a\000l}{section.2.4}% 20
\BOOKMARK [2][-]{subsection.2.4.2}{\376\377\000V\000a\000r\000i\000a\000t\000i\000o\000n\000\040\000a\000f\000\040\000v\000i\000r\000k\000n\000i\000n\000g\000e\000n}{section.2.4}% 21
\BOOKMARK [2][-]{subsection.2.4.3}{\376\377\000V\000a\000r\000i\000a\000t\000i\000o\000n\000s\000r\000e\000g\000n\000i\000n\000g\000e\000n\000s\000\040\000g\000r\000u\000n\000d\000l\000e\000m\000m\000a}{section.2.4}% 22
\BOOKMARK [1][-]{section.2.5}{\376\377\000T\000v\000a\000n\000g\000s\000b\000e\000t\000i\000n\000g\000e\000l\000s\000e\000r\000\040\000o\000g\000\040\000L\000a\000g\000r\000a\000n\000g\000e\000-\000m\000u\000l\000t\000i\000p\000l\000i\000k\000a\000t\000o\000r\000e\000r}{chapter.2}% 23
\BOOKMARK [1][-]{section.2.6}{\376\377\000S\000y\000m\000m\000e\000t\000r\000i\000e\000r\000\040\000o\000g\000\040\000b\000e\000v\000a\000r\000e\000l\000s\000e\000s\000l\000o\000v\000e\000:\000\040\000N\000o\000e\000t\000h\000e\000r\000s\000\040\000s\000\346\000t\000n\000i\000n\000g}{chapter.2}% 24
\BOOKMARK [2][-]{subsection.2.6.1}{\376\377\000C\000y\000k\000l\000i\000s\000k\000e\000\040\000k\000o\000o\000r\000d\000i\000n\000a\000t\000e\000r}{section.2.6}% 25
\BOOKMARK [2][-]{subsection.2.6.2}{\376\377\000N\000o\000e\000t\000h\000e\000r\000s\000\040\000s\000\346\000t\000n\000i\000n\000g\000\040\000\050\000t\000r\000a\000n\000s\000l\000a\000t\000i\000o\000n\000s\000s\000y\000m\000m\000e\000t\000r\000i\000\040\000i\000\040\000t\000i\000d\000\051}{section.2.6}% 26
\BOOKMARK [1][-]{section.2.7}{\376\377\000O\000p\000s\000u\000m\000m\000e\000r\000i\000n\000g}{chapter.2}% 27
\BOOKMARK [0][-]{chapter.3}{\376\377\000H\000a\000m\000i\000l\000t\000o\000n\000-\000f\000o\000r\000m\000a\000l\000i\000s\000m\000e}{part.1}% 28
\BOOKMARK [1][-]{section.3.1}{\376\377\000M\000\345\000l\000e\000t\000:\000\040\000f\000r\000a\000\040\000h\000a\000s\000t\000i\000g\000h\000e\000d\000e\000r\000\040\000t\000i\000l\000\040\000i\000m\000p\000u\000l\000s\000e\000r}{chapter.3}% 29
\BOOKMARK [1][-]{section.3.2}{\376\377\000L\000e\000g\000e\000n\000d\000r\000e\000-\000t\000r\000a\000n\000s\000f\000o\000r\000m\000a\000t\000i\000o\000n\000e\000n}{chapter.3}% 30
\BOOKMARK [2][-]{subsection.3.2.1}{\376\377\000D\000e\000n\000\040\000g\000e\000n\000e\000r\000e\000l\000l\000e\000\040\000i\000d\000\351\000,\000\040\000i\000l\000l\000u\000s\000t\000r\000e\000r\000e\000t\000\040\000i\000\040\000\351\000n\000\040\000v\000a\000r\000i\000a\000b\000e\000l}{section.3.2}% 31
\BOOKMARK [2][-]{subsection.3.2.2}{\376\377\000A\000n\000v\000e\000n\000d\000t\000\040\000p\000\345\000\040\000L\000a\000g\000r\000a\000n\000g\000e\000-\000f\000u\000n\000k\000t\000i\000o\000n\000e\000n}{section.3.2}% 32
\BOOKMARK [1][-]{section.3.3}{\376\377\000H\000a\000m\000i\000l\000t\000o\000n\000s\000\040\000l\000i\000g\000n\000i\000n\000g\000e\000r}{chapter.3}% 33
\BOOKMARK [2][-]{subsection.3.3.1}{\376\377\000U\000d\000l\000e\000d\000n\000i\000n\000g\000\040\000v\000e\000d\000\040\000d\000i\000r\000e\000k\000t\000e\000\040\000d\000i\000f\000f\000e\000r\000e\000n\000t\000i\000a\000t\000i\000o\000n}{section.3.3}% 34
\BOOKMARK [2][-]{subsection.3.3.2}{\376\377\000F\000o\000r\000t\000o\000l\000k\000n\000i\000n\000g\000e\000n\000\040\000a\000f\000\040\000H\000:\000\040\000b\000e\000v\000a\000r\000e\000l\000s\000e\000\040\000o\000g\000\040\000e\000n\000e\000r\000g\000i}{section.3.3}% 35
\BOOKMARK [1][-]{section.3.4}{\376\377\000E\000k\000s\000e\000m\000p\000e\000l\000:\000\040\000d\000e\000n\000\040\000h\000a\000r\000m\000o\000n\000i\000s\000k\000e\000\040\000o\000s\000c\000i\000l\000l\000a\000t\000o\000r\000\040\000i\000\040\000f\000a\000s\000e\000r\000u\000m}{chapter.3}% 36
\BOOKMARK [1][-]{section.3.5}{\376\377\000F\000a\000s\000e\000r\000u\000m\000m\000e\000t\000\040\000s\000o\000m\000\040\000a\000r\000e\000n\000a}{chapter.3}% 37
\BOOKMARK [1][-]{section.3.6}{\376\377\000O\000p\000s\000u\000m\000m\000e\000r\000i\000n\000g}{chapter.3}% 38
\BOOKMARK [0][-]{chapter.4}{\376\377\000P\000o\000i\000s\000s\000o\000n\000-\000p\000a\000r\000e\000n\000t\000e\000s\000e\000r\000\040\000o\000g\000\040\000k\000a\000n\000o\000n\000i\000s\000k\000\040\000s\000t\000r\000u\000k\000t\000u\000r}{part.1}% 39
\BOOKMARK [1][-]{section.4.1}{\376\377\000T\000i\000d\000s\000u\000d\000v\000i\000k\000l\000i\000n\000g\000e\000n\000\040\000a\000f\000\040\000e\000n\000\040\000v\000i\000l\000k\000\345\000r\000l\000i\000g\000\040\000s\000t\000\370\000r\000r\000e\000l\000s\000e}{chapter.4}% 40
\BOOKMARK [1][-]{section.4.2}{\376\377\000D\000e\000f\000i\000n\000i\000t\000i\000o\000n\000\040\000a\000f\000\040\000P\000o\000i\000s\000s\000o\000n\000-\000p\000a\000r\000e\000n\000t\000e\000s\000e\000n}{chapter.4}% 41
\BOOKMARK [1][-]{section.4.3}{\376\377\000D\000e\000\040\000f\000u\000n\000d\000a\000m\000e\000n\000t\000a\000l\000e\000\040\000p\000a\000r\000e\000n\000t\000e\000s\000e\000r}{chapter.4}% 42
\BOOKMARK [1][-]{section.4.4}{\376\377\000A\000l\000g\000e\000b\000r\000a\000i\000s\000k\000e\000\040\000e\000g\000e\000n\000s\000k\000a\000b\000e\000r}{chapter.4}% 43
\BOOKMARK [1][-]{section.4.5}{\376\377\000B\000e\000v\000a\000r\000e\000l\000s\000e\000s\000l\000o\000v\000e\000\040\000v\000i\000a\000\040\000P\000o\000i\000s\000s\000o\000n\000-\000p\000a\000r\000e\000n\000t\000e\000s\000e\000r}{chapter.4}% 44
\BOOKMARK [2][-]{subsection.4.5.1}{\376\377\000E\000k\000s\000e\000m\000p\000e\000l\000:\000\040\000b\000a\000n\000e\000m\000o\000m\000e\000n\000t\000e\000t\000s\000\040\000P\000o\000i\000s\000s\000o\000n\000-\000a\000l\000g\000e\000b\000r\000a}{section.4.5}% 45
\BOOKMARK [1][-]{section.4.6}{\376\377\000L\000i\000o\000u\000v\000i\000l\000l\000e\000s\000\040\000s\000\346\000t\000n\000i\000n\000g\000:\000\040\000b\000e\000v\000a\000r\000e\000l\000s\000e\000\040\000a\000f\000\040\000f\000a\000s\000e\000r\000u\000m\000s\000v\000o\000l\000u\000m\000e\000n}{chapter.4}% 46
\BOOKMARK [1][-]{section.4.7}{\376\377\000O\000p\000s\000u\000m\000m\000e\000r\000i\000n\000g}{chapter.4}% 47
\BOOKMARK [0][-]{chapter.5}{\376\377\000K\000a\000n\000o\000n\000i\000s\000k\000e\000\040\000t\000r\000a\000n\000s\000f\000o\000r\000m\000a\000t\000i\000o\000n\000e\000r}{part.1}% 48
\BOOKMARK [1][-]{section.5.1}{\376\377\000M\000o\000t\000i\000v\000a\000t\000i\000o\000n\000:\000\040\000f\000r\000i\000h\000e\000d\000\040\000t\000i\000l\000\040\000a\000t\000\040\000v\000\346\000l\000g\000e\000\040\000f\000a\000s\000e\000r\000u\000m\000s\000k\000o\000o\000r\000d\000i\000n\000a\000t\000e\000r}{chapter.5}% 49
\BOOKMARK [1][-]{section.5.2}{\376\377\000D\000e\000f\000i\000n\000i\000t\000i\000o\000n}{chapter.5}% 50
\BOOKMARK [1][-]{section.5.3}{\376\377\000D\000e\000t\000\040\000m\000o\000d\000i\000f\000i\000c\000e\000r\000e\000d\000e\000\040\000H\000a\000m\000i\000l\000t\000o\000n\000s\000\040\000p\000r\000i\000n\000c\000i\000p}{chapter.5}% 51
\BOOKMARK [1][-]{section.5.4}{\376\377\000G\000e\000n\000e\000r\000e\000r\000e\000n\000d\000e\000\040\000f\000u\000n\000k\000t\000i\000o\000n\000\040\000a\000f\000\040\000t\000y\000p\000e\000\040\000F\0001\000\050\000q\000,\000Q\000,\000t\000\051}{chapter.5}% 52
\BOOKMARK [1][-]{section.5.5}{\376\377\000G\000e\000n\000e\000r\000e\000r\000e\000n\000d\000e\000\040\000f\000u\000n\000k\000t\000i\000o\000n\000\040\000a\000f\000\040\000t\000y\000p\000e\000\040\000F\0002\000\050\000q\000,\000P\000,\000t\000\051}{chapter.5}% 53
\BOOKMARK [1][-]{section.5.6}{\376\377\000E\000k\000s\000e\000m\000p\000e\000l\000:\000\040\000i\000d\000e\000n\000t\000i\000t\000e\000t\000s\000t\000r\000a\000n\000s\000f\000o\000r\000m\000a\000t\000i\000o\000n\000e\000n\000\040\000o\000g\000\040\000v\000a\000r\000i\000a\000b\000l\000e\000o\000m\000b\000y\000t\000n\000i\000n\000g}{chapter.5}% 54
\BOOKMARK [1][-]{section.5.7}{\376\377\000I\000n\000f\000i\000n\000i\000t\000e\000s\000i\000m\000a\000l\000e\000\040\000k\000a\000n\000o\000n\000i\000s\000k\000e\000\040\000t\000r\000a\000n\000s\000f\000o\000r\000m\000a\000t\000i\000o\000n\000e\000r\000\040\000o\000g\000\040\000P\000o\000i\000s\000s\000o\000n\000-\000p\000a\000r\000e\000n\000t\000e\000s\000e\000r}{chapter.5}% 55
\BOOKMARK [1][-]{section.5.8}{\376\377\000K\000a\000n\000o\000n\000i\000s\000k\000e\000\040\000t\000r\000a\000n\000s\000f\000o\000r\000m\000a\000t\000i\000o\000n\000e\000r\000\040\000b\000e\000v\000a\000r\000e\000r\000\040\000P\000o\000i\000s\000s\000o\000n\000-\000p\000a\000r\000e\000n\000t\000e\000s\000e\000r\000n\000e}{chapter.5}% 56
\BOOKMARK [1][-]{section.5.9}{\376\377\000O\000p\000s\000u\000m\000m\000e\000r\000i\000n\000g}{chapter.5}% 57
\BOOKMARK [-1][-]{part.2}{\376\377\000I\000I\000\040\000H\000a\000m\000i\000l\000t\000o\000n\000-\000J\000a\000c\000o\000b\000i\000-\000t\000e\000o\000r\000i}{}% 58
\BOOKMARK [0][-]{chapter.6}{\376\377\000H\000a\000m\000i\000l\000t\000o\000n\000-\000J\000a\000c\000o\000b\000i\000-\000t\000e\000o\000r\000i}{part.2}% 59
\BOOKMARK [1][-]{section.6.1}{\376\377\000S\000t\000r\000a\000t\000e\000g\000i\000e\000n\000:\000\040\000t\000r\000a\000n\000s\000f\000o\000r\000m\000e\000r\000\040\000b\000e\000v\000\346\000g\000e\000l\000s\000e\000n\000\040\000v\000\346\000k}{chapter.6}% 60
\BOOKMARK [1][-]{section.6.2}{\376\377\000U\000d\000l\000e\000d\000n\000i\000n\000g\000\040\000a\000f\000\040\000H\000a\000m\000i\000l\000t\000o\000n\000-\000J\000a\000c\000o\000b\000i\000-\000l\000i\000g\000n\000i\000n\000g\000e\000n}{chapter.6}% 61
\BOOKMARK [2][-]{subsection.6.2.1}{\376\377\000S\000\040\000e\000r\000\040\000v\000i\000r\000k\000n\000i\000n\000g\000e\000n}{section.6.2}% 62
\BOOKMARK [2][-]{subsection.6.2.2}{\376\377\000D\000e\000n\000\040\000f\000u\000l\000d\000e\000\040\000\050\000k\000o\000m\000p\000l\000e\000t\000t\000e\000\051\000\040\000l\000\370\000s\000n\000i\000n\000g\000\040\000o\000g\000\040\000b\000e\000v\000\346\000g\000e\000l\000s\000e\000n}{section.6.2}% 63
\BOOKMARK [1][-]{section.6.3}{\376\377\000T\000i\000d\000s\000u\000a\000f\000h\000\346\000n\000g\000i\000g\000t\000\040\000H\000:\000\040\000s\000e\000p\000a\000r\000a\000t\000i\000o\000n\000\040\000i\000\040\000t\000i\000d\000e\000n}{chapter.6}% 64
\BOOKMARK [1][-]{section.6.4}{\376\377\000E\000k\000s\000e\000m\000p\000e\000l\000:\000\040\000d\000e\000n\000\040\000h\000a\000r\000m\000o\000n\000i\000s\000k\000e\000\040\000o\000s\000c\000i\000l\000l\000a\000t\000o\000r}{chapter.6}% 65
\BOOKMARK [1][-]{section.6.5}{\376\377\000D\000e\000t\000\040\000g\000e\000o\000m\000e\000t\000r\000i\000s\000k\000e\000\040\000b\000i\000l\000l\000e\000d\000e\000:\000\040\000S\000\040\000s\000o\000m\000\040\000e\000n\000\040\000`\000`\000b\000\370\000l\000g\000e\000f\000r\000o\000n\000t\000'\000'}{chapter.6}% 66
\BOOKMARK [1][-]{section.6.6}{\376\377\000U\000d\000b\000l\000i\000k\000:\000\040\000f\000r\000a\000\040\000H\000a\000m\000i\000l\000t\000o\000n\000-\000J\000a\000c\000o\000b\000i\000\040\000t\000i\000l\000\040\000k\000v\000a\000n\000t\000e\000m\000e\000k\000a\000n\000i\000k}{chapter.6}% 67
\BOOKMARK [1][-]{section.6.7}{\376\377\000O\000p\000s\000u\000m\000m\000e\000r\000i\000n\000g}{chapter.6}% 68
\BOOKMARK [0][-]{chapter.7}{\376\377\000V\000i\000r\000k\000n\000i\000n\000g\000s\000-\000v\000i\000n\000k\000e\000l\000-\000v\000a\000r\000i\000a\000b\000l\000e}{part.2}% 69
\BOOKMARK [1][-]{section.7.1}{\376\377\000M\000o\000t\000i\000v\000a\000t\000i\000o\000n\000:\000\040\000p\000e\000r\000i\000o\000d\000i\000s\000k\000e\000\040\000s\000y\000s\000t\000e\000m\000e\000r\000\040\000u\000d\000e\000n\000\040\000f\000u\000l\000d\000\040\000l\000\370\000s\000n\000i\000n\000g}{chapter.7}% 70
\BOOKMARK [1][-]{section.7.2}{\376\377\000K\000l\000a\000s\000s\000i\000f\000i\000k\000a\000t\000i\000o\000n\000\040\000a\000f\000\040\000p\000e\000r\000i\000o\000d\000i\000s\000k\000\040\000b\000e\000v\000\346\000g\000e\000l\000s\000e\000\040\000i\000\040\000\351\000n\000\040\000f\000r\000i\000h\000e\000d\000s\000g\000r\000a\000d}{chapter.7}% 71
\BOOKMARK [1][-]{section.7.3}{\376\377\000D\000e\000f\000i\000n\000i\000t\000i\000o\000n\000\040\000a\000f\000\040\000v\000i\000r\000k\000n\000i\000n\000g\000s\000v\000a\000r\000i\000a\000b\000l\000e\000n}{chapter.7}% 72
\BOOKMARK [1][-]{section.7.4}{\376\377\000D\000e\000n\000\040\000k\000o\000n\000j\000u\000g\000e\000r\000e\000d\000e\000\040\000v\000i\000n\000k\000e\000l\000v\000a\000r\000i\000a\000b\000e\000l}{chapter.7}% 73
\BOOKMARK [2][-]{subsection.7.4.1}{\376\377\000\040\000e\000r\000\040\000s\000v\000i\000n\000g\000n\000i\000n\000g\000s\000f\000r\000e\000k\000v\000e\000n\000s\000e\000n}{section.7.4}% 74
\BOOKMARK [1][-]{section.7.5}{\376\377\000E\000k\000s\000e\000m\000p\000e\000l\000:\000\040\000d\000e\000n\000\040\000h\000a\000r\000m\000o\000n\000i\000s\000k\000e\000\040\000o\000s\000c\000i\000l\000l\000a\000t\000o\000r\000,\000\040\000i\000g\000e\000n}{chapter.7}% 75
\BOOKMARK [1][-]{section.7.6}{\376\377\000F\000l\000e\000r\000e\000\040\000f\000r\000i\000h\000e\000d\000s\000g\000r\000a\000d\000e\000r\000:\000\040\000s\000e\000p\000a\000r\000a\000b\000l\000e\000\040\000s\000y\000s\000t\000e\000m\000e\000r}{chapter.7}% 76
\BOOKMARK [1][-]{section.7.7}{\376\377\000O\000p\000s\000u\000m\000m\000e\000r\000i\000n\000g}{chapter.7}% 77
\BOOKMARK [-1][-]{part.3}{\376\377\000I\000I\000I\000\040\000F\000r\000a\000\040\000k\000l\000a\000s\000s\000i\000s\000k\000\040\000v\000i\000r\000k\000n\000i\000n\000g\000\040\000t\000i\000l\000\040\000k\000v\000a\000n\000t\000e\000f\000a\000s\000e}{}% 78
\BOOKMARK [0][-]{chapter.8}{\376\377\000A\000d\000i\000a\000b\000a\000t\000i\000s\000k\000e\000\040\000i\000n\000v\000a\000r\000i\000a\000n\000t\000e\000r\000\040\040\024\000\040\000b\000r\000o\000e\000n\000\040\000t\000i\000l\000\040\000d\000e\000n\000\040\000\346\000l\000d\000r\000e\000\040\000k\000v\000a\000n\000t\000e\000t\000e\000o\000r\000i}{part.3}% 79
\BOOKMARK [1][-]{section.8.1}{\376\377\000M\000o\000t\000i\000v\000a\000t\000i\000o\000n\000:\000\040\000h\000v\000a\000d\000\040\000s\000k\000e\000r\000\040\000d\000e\000r\000,\000\040\000n\000\345\000r\000\040\000s\000y\000s\000t\000e\000m\000e\000t\000\040\000\346\000n\000d\000r\000e\000s\000\040\000l\000a\000n\000g\000s\000o\000m\000t\000?}{chapter.8}% 80
\BOOKMARK [1][-]{section.8.2}{\376\377\000U\000d\000l\000e\000d\000n\000i\000n\000g\000\040\000a\000f\000\040\000a\000d\000i\000a\000b\000a\000t\000i\000s\000k\000\040\000i\000n\000v\000a\000r\000i\000a\000n\000s}{chapter.8}% 81
\BOOKMARK [2][-]{subsection.8.2.1}{\376\377\000E\000n\000e\000r\000g\000i\000e\000n\000s\000\040\000\346\000n\000d\000r\000i\000n\000g}{section.8.2}% 82
\BOOKMARK [2][-]{subsection.8.2.2}{\376\377\000J\000'\000s\000\040\000a\000f\000h\000\346\000n\000g\000i\000g\000h\000e\000d\000\040\000a\000f\000\040\000\040\000v\000e\000d\000\040\000f\000a\000s\000t\000\040\000E}{section.8.2}% 83
\BOOKMARK [2][-]{subsection.8.2.3}{\376\377\000S\000a\000m\000m\000e\000n\000l\000i\000g\000n\000i\000n\000g\000:\000\040\000J\000\040\000e\000r\000\040\000i\000n\000v\000a\000r\000i\000a\000n\000t}{section.8.2}% 84
\BOOKMARK [1][-]{section.8.3}{\376\377\000E\000k\000s\000e\000m\000p\000e\000l\000:\000\040\000o\000s\000c\000i\000l\000l\000a\000t\000o\000r\000\040\000m\000e\000d\000\040\000l\000a\000n\000g\000s\000o\000m\000t\000\040\000v\000a\000r\000i\000e\000r\000e\000n\000d\000e\000\040\000f\000r\000e\000k\000v\000e\000n\000s}{chapter.8}% 85
\BOOKMARK [1][-]{section.8.4}{\376\377\000B\000o\000h\000r\000-\000S\000o\000m\000m\000e\000r\000f\000e\000l\000d\000-\000k\000v\000a\000n\000t\000i\000s\000e\000r\000i\000n\000g\000s\000b\000e\000t\000i\000n\000g\000e\000l\000s\000e\000n}{chapter.8}% 86
\BOOKMARK [1][-]{section.8.5}{\376\377\000E\000k\000s\000e\000m\000p\000e\000l\000:\000\040\000k\000v\000a\000n\000t\000i\000s\000e\000r\000i\000n\000g\000\040\000a\000f\000\040\000d\000e\000n\000\040\000h\000a\000r\000m\000o\000n\000i\000s\000k\000e\000\040\000o\000s\000c\000i\000l\000l\000a\000t\000o\000r}{chapter.8}% 87
\BOOKMARK [1][-]{section.8.6}{\376\377\000E\000k\000s\000e\000m\000p\000e\000l\000:\000\040\000p\000a\000r\000t\000i\000k\000e\000l\000\040\000i\000\040\000e\000n\000\040\000k\000a\000s\000s\000e}{chapter.8}% 88
\BOOKMARK [1][-]{section.8.7}{\376\377\000K\000o\000r\000r\000e\000s\000p\000o\000n\000d\000e\000n\000s\000p\000r\000i\000n\000c\000i\000p\000p\000e\000t}{chapter.8}% 89
\BOOKMARK [1][-]{section.8.8}{\376\377\000O\000p\000s\000u\000m\000m\000e\000r\000i\000n\000g}{chapter.8}% 90
\BOOKMARK [0][-]{chapter.9}{\376\377\000K\000l\000a\000s\000s\000i\000s\000k\000\040\000f\000e\000l\000t\000t\000e\000o\000r\000i}{part.3}% 91
\BOOKMARK [1][-]{section.9.1}{\376\377\000F\000r\000a\000\040\000d\000i\000s\000k\000r\000e\000t\000\040\000k\000\346\000d\000e\000\040\000t\000i\000l\000\040\000k\000o\000n\000t\000i\000n\000u\000e\000r\000t\000\040\000f\000e\000l\000t}{chapter.9}% 92
\BOOKMARK [2][-]{subsection.9.1.1}{\376\377\000D\000e\000n\000\040\000d\000i\000s\000k\000r\000e\000t\000e\000\040\000k\000\346\000d\000e}{section.9.1}% 93
\BOOKMARK [2][-]{subsection.9.1.2}{\376\377\000K\000o\000n\000t\000i\000n\000u\000u\000m\000s\000g\000r\000\346\000n\000s\000e\000n}{section.9.1}% 94
\BOOKMARK [1][-]{section.9.2}{\376\377\000H\000a\000m\000i\000l\000t\000o\000n\000s\000\040\000p\000r\000i\000n\000c\000i\000p\000\040\000f\000o\000r\000\040\000f\000e\000l\000t\000e\000r}{chapter.9}% 95
\BOOKMARK [1][-]{section.9.3}{\376\377\000E\000k\000s\000e\000m\000p\000e\000l\000:\000\040\000b\000\370\000l\000g\000e\000l\000i\000g\000n\000i\000n\000g\000e\000n\000\040\000f\000o\000r\000\040\000s\000t\000r\000e\000n\000g\000e\000n}{chapter.9}% 96
\BOOKMARK [1][-]{section.9.4}{\376\377\000N\000o\000e\000t\000h\000e\000r\000s\000\040\000s\000\346\000t\000n\000i\000n\000g\000\040\000f\000o\000r\000\040\000f\000e\000l\000t\000e\000r\000:\000\040\000e\000n\000e\000r\000g\000i\000t\000\346\000t\000h\000e\000d\000\040\000o\000g\000\040\000k\000o\000n\000t\000i\000n\000u\000i\000t\000e\000t}{chapter.9}% 97
\BOOKMARK [2][-]{subsection.9.4.1}{\376\377\000E\000k\000s\000e\000m\000p\000e\000l\000:\000\040\000e\000n\000e\000r\000g\000i\000t\000\346\000t\000h\000e\000d\000\040\000f\000o\000r\000\040\000s\000t\000r\000e\000n\000g\000e\000n}{section.9.4}% 98
\BOOKMARK [1][-]{section.9.5}{\376\377\000R\000u\000m\000t\000r\000a\000n\000s\000l\000a\000t\000i\000o\000n\000s\000s\000y\000m\000m\000e\000t\000r\000i\000:\000\040\000i\000m\000p\000u\000l\000s\000t\000\346\000t\000h\000e\000d}{chapter.9}% 99
\BOOKMARK [2][-]{subsection.9.5.1}{\376\377\000E\000k\000s\000e\000m\000p\000e\000l\000:\000\040\000i\000m\000p\000u\000l\000s\000t\000\346\000t\000h\000e\000d\000\040\000f\000o\000r\000\040\000s\000t\000r\000e\000n\000g\000e\000n}{section.9.5}% 100
\BOOKMARK [1][-]{section.9.6}{\376\377\000I\000n\000t\000e\000r\000n\000\040\000s\000y\000m\000m\000e\000t\000r\000i\000:\000\040\000l\000a\000d\000n\000i\000n\000g\000s\000b\000e\000v\000a\000r\000e\000l\000s\000e}{chapter.9}% 101
\BOOKMARK [2][-]{subsection.9.6.1}{\376\377\000U\000d\000l\000e\000d\000n\000i\000n\000g\000\040\000a\000f\000\040\000d\000e\000n\000\040\000b\000e\000v\000a\000r\000e\000d\000e\000\040\000l\000a\000d\000n\000i\000n\000g\000s\000s\000t\000r\000\370\000m}{section.9.6}% 102
\BOOKMARK [2][-]{subsection.9.6.2}{\376\377\000E\000k\000s\000e\000m\000p\000e\000l\000:\000\040\000l\000a\000d\000n\000i\000n\000g\000s\000t\000\346\000t\000h\000e\000d\000\040\000f\000o\000r\000\040\000d\000e\000t\000\040\000k\000o\000m\000p\000l\000e\000k\000s\000e\000\040\000f\000e\000l\000t}{section.9.6}% 103
\BOOKMARK [1][-]{section.9.7}{\376\377\000U\000d\000b\000l\000i\000k\000:\000\040\000r\000e\000l\000a\000t\000i\000v\000i\000s\000t\000i\000s\000k\000\040\000n\000o\000t\000a\000t\000i\000o\000n\000\040\000o\000g\000\040\000K\000l\000e\000i\000n\000-\000G\000o\000r\000d\000o\000n\000-\000f\000e\000l\000t\000e\000t}{chapter.9}% 104
\BOOKMARK [1][-]{section.9.8}{\376\377\000O\000p\000s\000u\000m\000m\000e\000r\000i\000n\000g}{chapter.9}% 105
\BOOKMARK [0][-]{chapter.10}{\376\377\000H\000a\000m\000i\000l\000t\000o\000n\000s\000k\000\040\000f\000e\000l\000t\000t\000e\000o\000r\000i}{part.3}% 106
\BOOKMARK [1][-]{section.10.1}{\376\377\000K\000a\000n\000o\000n\000i\000s\000k\000\040\000i\000m\000p\000u\000l\000s\000t\000\346\000t\000h\000e\000d}{chapter.10}% 107
\BOOKMARK [1][-]{section.10.2}{\376\377\000H\000a\000m\000i\000l\000t\000o\000n\000-\000t\000\346\000t\000h\000e\000d\000\040\000o\000g\000\040\000H\000a\000m\000i\000l\000t\000o\000n\000s\000\040\000l\000i\000g\000n\000i\000n\000g\000e\000r\000\040\000f\000o\000r\000\040\000f\000e\000l\000t\000e\000r}{chapter.10}% 108
\BOOKMARK [2][-]{subsection.10.2.1}{\376\377\000U\000d\000l\000e\000d\000n\000i\000n\000g\000\040\000a\000f\000\040\000b\000e\000v\000\346\000g\000e\000l\000s\000e\000s\000l\000i\000g\000n\000i\000n\000g\000e\000r\000n\000e}{section.10.2}% 109
\BOOKMARK [1][-]{section.10.3}{\376\377\000E\000k\000s\000e\000m\000p\000e\000l\000:\000\040\000s\000t\000r\000e\000n\000g\000e\000n\000\040\000i\000\040\000H\000a\000m\000i\000l\000t\000o\000n\000-\000b\000i\000l\000l\000e\000d\000e}{chapter.10}% 110
\BOOKMARK [1][-]{section.10.4}{\376\377\000P\000o\000i\000s\000s\000o\000n\000-\000p\000a\000r\000e\000n\000t\000e\000s\000e\000r\000\040\000f\000o\000r\000\040\000f\000e\000l\000t\000e\000r}{chapter.10}% 111
\BOOKMARK [1][-]{section.10.5}{\376\377\000O\000p\000s\000u\000m\000m\000e\000r\000i\000n\000g}{chapter.10}% 112
\BOOKMARK [1][-]{section*.14}{\376\377\000K\000o\000m\000p\000e\000n\000d\000i\000e\000t\000s\000\040\000k\000o\000n\000k\000l\000u\000s\000i\000o\000n}{chapter.10}% 113
